[    0.00000] Initializing cgroup subsys cpuset
[    0.000000] Initializing cgroup subsys cpu
[    0.000000] Initializing cgroup subsys cpuacct
[    0.000000] Linux version 4.4.0-112-generic (buildd@lgw01-amd64-010) (gcc version 5.4.0 20160609 (Ubuntu 5.4.0-6ubuntu1~16.04.5) ) #135-Ubuntu SMP Fri Jan 19 11:48:36 UTC 2018 (Ubuntu 4.4.112.135-generic 4.4.98)
[    0.000000] Command line: BOOT_IMAGE=/boot/vmlinuz-4.4.0-112-generic root=LABEL=cloudimg-rootfs ro console=tty1 console=ttyS0
[    0.000000] KERNEL supported cpus:
[    0.000000]   Intel GenuineIntel
[    0.000000]   AMD AuthenticAMD
[    0.000000]   Centaur CentaurHauls
[    0.000] x8fpu: xstate_offset[2]:  576, xstate_sizes[2]:  256
[    0.0000] x86/fpu: Supporting XSAVE feature 0x01: 'x87 floating oint registers'
[    0.000000] x86/fpu: Suorting XSAE featue 0x02: 'SSE regsters'
[    0.000000] x86/fpu: Supporting XSAVE feature 0x04 'AVX rgiers'
[    0.000000] 6/pu:naled xstate features 0x7, cotext sze i 8 bytes, using 'standard' format.
[    0.000000] x6/pu Using laz' FU context switches.
[    0.000000] e820: BIOS-provided physical RAM map:
[    0.000000] BIOS-e820: [mem0x000000000000000-0x000000000009fbff] usable
[    0.000000] BIOS-e820: [mem 0x000000000009fc00-0x000000000009ffff] reserved
[    0.000000] BIOS-e820: [mem 0x00000000000f0000-0x0000000000fffff] reserved
[    0.0000] OSe820: [mem 0x0000000000100000-0x000000003ffeffff] usable
[    0.000000] BIOS-e820: [m 0x00000003fff0000-0x000003fffffff] ACPI data
[    0.000000] BIOS-e820: [mem 0x00000000fec00000-0x00000000fec00fff] reserved
[    0.00000] BIOS-e820: [mem 0x00000000fee00000-0x00000000fee00fff] reserved
[    0.000000] BIOS-e820: [mem 0x00000000fffc0000-0x00000000ffffffff] reserved
[    0.000000] NX (Execute Disable) protection: active
[    0.000000] SMBIOS 2.5 present.
[    0.000000] Hypervisor detected: KVM
[    0.000000] e820: last_pfn = 0x3fff0 max_arch_pfn = 0x400000000
[    0.000000] MTRR: Disabled
[    0.000000] x86/PAT: MTRRs disabled, skipping PAT initialization too.
[    0.000000] CPU MTRRs all blank - virtualized system.
[    0.00000] x86/PAT: Configuration [0-7]: WB  WT  UC- UC  WB  WT  UC- UC  
[    0.000000] found SMP MP-table at [mem 0x0009fff0-0x0009ffff] mapped at [ffff88000009fff0]
[    0.000000] Scanning 1 areas for low memory corruption
[    0.000000] RAMDISK: [mem 0x36adc000-0x37565fff]
[    0.000000] ACPI: Early table checksum verification disabled
[    0.000000] ACPI: RSDP 0x00000000000E0000 000024 (v02 VBOX  )
[    0.000000] ACPI: XSDT 0x000000003FFF0030 00003C (v01 VBOX   VBOXXSDT 00000001 ASL  00000061)
[    0.000000] ACPI: FACP 0x00000003FFF00F0 0000F4 (v04 VBOX   VBOXFACP 00000001 ASL  00000061)
[    0.000000] ACPI: DSDT 0x000000003FFF0470 0021FF (v02 VBOX   VBOXBIOS 00000002 INTL 20100528)
[    0.000000] ACPI: FACS 0x000000003FFF0200 000040
[    0.000000] ACPI: FACS 0x000000003FFF0200 000040
[    000000] ACPI: APIC 0x0000000003FFF0240 00005C (v02 VBOX   VBOXAPIC 00000001 ASL  00000061)
    0000000] ACPI: SSDT 0x000000003FFF02A0 0001CC (v01 VBOX   VBOXCPUT 00000002 INTL 20100528)
[    0.000000] No NUMA configuration found
[    0.000000] Faking a node at [mem 0x0000000000000000-0x000000003ffeffff]
[    0.000000] NODE_DAA(0) allcated [mem 0x3ffeb00-0x3ffeffff]
[    0.00000] km-clck Usng mmsrs 4b564d01 nd b54d00
[  0000000] kvm-clock: cpu 0, msr 0:3ffe3001, primary u clock
   0.00000 kvm-clock: using sched offset of 3231029839 cycles
[    0.000000] clocksource: kvm-clock: mask: 0xffffffffffffffff max_ycles: 0x1cd42e4dfb max_idle_ns: 881590591483 ns
[    0.000000] Zone ranges:
[    0.000000]   DMA      [mem 0x0000000000001000-0x0000000000ffffff]
[    0.000000]   DMA32    [mem 0x0000000001000000-0x000000003ffeffff]
[    0.000000]   Normal   empty
[    0.000000]   Device   empty
[    0.000000] Movable zone start for each nod
    0.000000] Early meornode ranges
[    0.00000]   node   0 [em 0x0000000000010-0x0000000009efff]
[    0.000000]   node   0: [mem 0x0000000000100000-0x000000003ffefff]
[    0.000000] Initmem setup node [mem 0x0000000000001000-0x000000003ffeffff]
[    0.000000] ACPI: PM-Timer IO Port: 0x4008
[    0.000000] IOAPIC[0]: apic_id 2, version 32, address 0xfec0000, GSI 0-23
[   0.00000] ACPI: INT_RC_OVR (bus 0 bus_irq 0 global_irq 2 dfl df
[    0.000000] ACPI: INT_SRC_OVR (bus 0 buir 9 global_irq 9 low level)
[  0000000] Using ACI MADT) orSM configuratio iormation
[   0.0000]mpoot: Allowing 2 CPUs, 0 hotplug CPUs
[    0.000000] PM: Registered nosave memory: [mem 0x0000000x00000ff
    0.0000 PM: Registered nosave memory: [mem 0x0009f000-0x0009ffff]
[    0.000000] PM: Registered nosave memory: [mem 00a0000-0x000efff]
[    0.000000] PM: Regteed nosa mmory: [mem 0x000f0000-0x000fffff]
[    0.000000] e820: [mem 0x40000000-0xfebfffff] available for PCI devices
[    0.000000] Booting paravirtuaiz kernel on KVM
[    0.000000] clocksource: refined-jiffs:ask: ffffffaxcycls:0xfffff,ma_ie_ns: 7645519600215 ns
[    0.00000] etp_ercu: NR_CPUS:512 nr_cpumask_bis:12nrpuid:2nr_noe_ds:1
[  0.000] PECPU: Embedd 34 pages/puffff8800fc00000 s99544 r8192 d328 u1048576
[   0000000] PV qspinlock hash table entries: 256 (order: 0, 4096 bytes)
[    0.000000] Built 1 zonelists in Node order, mobility grouping on.  Total pages: 257913
[    0.000000] Policy zone: DMA32
[    0.000000] Kernel command line: BOOT_IMAGE=/boot/vmlinuz-4.4.0-112-generic root=LABEL=cloudimg-rootfs ro console=tty1 console=ttyS0
[    0.000000] PID hash table entries: 4096 (order: 3, 32768 bytes)
[    0.000000] Memory: 1001740K/1048120K available (8499K kernel code, 1309K rwdata, 3988K rodata, 1508K init, 1316K bss, 46380K reserved, 0K cma-reserved)
[    0.000000] SLUB: HWalign=64, Order=0-3, MinObjec=0 CPUs=2 Nodes=1
[    0.000000] Kernel/User page tables isolation: enabled
[    0.000000] Hierarchical RCU implementation.
[    0.000000] 	Build-time adjustment of leaf fanout to 64.
[    0.000000] 	RCU restricting CPUs from NR_CPUS=512 to nr_cpu_ids=2.
[    0.000000 RU: djusting geomey or rcu_fanout_leaff=64, nr_puds=2
[    0.000] NRIR:3024 nr_irqs:440 16
[    0.000000] Console: colour VGA+ 80x25
[    0.000000] console [tty1] enabled
[    0.000000] console [ttyS0] enabled
[    0.000000] tsc: Detected 2699.998 MHz processor
[    4.645365] Calibrating delay loop (skipped) preset value.. 5399.99 BogoMIPS (lpj=10799992)
[    4.647280] pid_max: default: 32768 minimum: 301
[    4.648270] ACPI: Core revision 20150930
[    4.700752] ACPI: 2 ACPI AML tables successfully acquired and loaded
[    4.710331] Security Framework initialized
[    4.718045] Yama: becoming mindful.
[    4.730992] AppArmor: AppArmor initialized
[    4.777423] Dentry cache hash table entries: 131072 (order: 8, 1048576 bytes)
[    4.839037] Inode-cache hash table entries: 65536 (order: 7, 524288 bytes)
[    4.874136] Mount-cache hash table entries: 2048 (order: 2, 16384 bytes)
[    4.927726] Mountpoint-cache hash table entries: 2048 (order: 2, 16384 bytes)
[    4.995117] Initializing cgroup subsys io
[    5.007013] Initializing cgroup subsys memory
[    5.011169] Initializing cgroup subsys devices
[    5.086562] Initializing cgroup subsys freezer
[    5.158666] Initializing cgroup subsys net_cls
[    5.197037] Initializing cgroup subsys perf_event
[    5.211491] Initializing cgroup subsys net_prio
[    5.212473] Initializing cgroup subsys hugetlb
[    5.223197] Initializing cgroup subsys pids
[    5.256941] CPU: Physical Processor ID: 0
[    5.280997] CPU: Processor Core ID: 0
[    5.281841] FEATURE SPEC_CTRL Not Present
[    5.283922] mce: CPU supports 0 MCE banks
[    5.306959] Last level iTLB entries: 4KB 64, 2MB 8, 4MB 8
[    5.351316] Last level dTLB entries: 4KB 64, 2MB 0, 4MB 0, 1GB 4
[    5.452653] Freeing SMP alternatives memory: 32K
[    5.522846] ftrace: allocating 32180 entries in 126 pages
[    5.643290] smpboot: APIC(0) Converting physical 0 to logical package 0
[    5.737295] smpboot: Max logical packages: 1
[    5.804748] x2apic enabled
[    5.834085] Switched APIC routing to physical x2apic.
[    5.842220] ..TIMER: vector=0x30 apic1=0 pin1=2 apic2=-1 pin2=-1
[    5.974211] smpboot: CPU0: Intel(R) Core(TM) i5-5257U CPU @ 2.70GHz (family: 0x6, model: 0x3d, stepping: 0x4)
[    6.035069] Performance Events: unsupported p6 CPU model 61 no PMU driver, software events only.
[    6.047816] KVM setup paravirtual spinlock
[    6.063223] x86: Booting SMP configuration:
[    6.098719] .... node  #0, CPUs:      #1
[    6.114582] kvm-clock: cpu 1, msr 0:3ffe3041, secondary cpu clock
[    6.143820] mce: CPU supports 0 MCE banks
[    6.176247] x86: Booted up 1 node, 2 CPUs
[    6.190756] smpboot: Total of 2 processors activated (10799.99 BogoMIPS)
[    6.214909] devtmpfs: initialized
[    6.231749] evm: security.selinux
[    6.239469] evm: security.SMACK64
[    6.241384] evm: security.SMACK64EXEC
[    6.242284] evm: security.SMACK64TRANSMUTE
[    6.243961] evm: security.SMACK64MMAP
[    6.245484] evm: security.ima
[    6.258477] evm: security.capability
[    6.267563] clocksource: jiffies: mask: 0xffffffff max_cycles: 0xffffffff, max_idle_ns: 7645041785100000 ns
[    6.278388] futex hash table entries: 512 (order: 3, 32768 bytes)
[    6.295692] pinctrl core: initialized pinctrl subsystem
[    6.301234] RTC time: 16:04:31, date: 02/10/18
[    6.313205] NET: Registered protocol family 16
[    6.326798] cpuidle: using governor ladder
[    6.342649] cpuidle: using governor menu
[    6.350283] PCCT header not found.
[    6.356860] ACPI: bus type PCI registered
[    6.380410] acpiphp: ACPI Hot Plug PCI Controller Driver version: 0.5
[    6.397970] PCI: Using configuration type 1 for base access
[    6.436117] ACPI: Added _OSI(Module Device)
[    6.437096] ACPI: Added _OSI(Processor Device)
[    6.438052] ACPI: Added _OSI(3.0 _SCP Extensions)
[    6.439129] ACPI: Added _OSI(Processor Aggregator Device)
[    6.450135] ACPI: Executed 1 blocks of module-level executable AML code
[    6.465583] ACPI: Interpreter enabled
[    6.536272] ACPI: (supports S0 S5)
[    6.573753] ACPI: Using IOAPIC for interrupt routing
[    6.589623] PCI: Using host bridge windows from ACPI; if necessary, use "pci=nocrs" and report a bug
[    6.620206] ACPI: PCI Root Bridge [PCI0] (domain 0000 [bus 00-ff])
[    6.624084] acpi PNP0A03:00: _OSC: OS supports [ASPM ClockPM Segments MSI]
[    6.640247] acpi PNP0A03:00: _OSC: not requesting OS control; OS requires [ExtendedConfig ASPM ClockPM MSI]
[    6.661775] acpi PNP0A03:00: fail to add MMCONFIG information, can't access extended PCI configuration space under this bridge.
[    6.692413] PCI host bridge to bus 0000:00
[    6.697134] pci_bus 0000:00: root bus resource [io  0x0000-0x0cf7 window]
[    6.705218] pci_bus 0000:00: root bus resource [io  0x0d00-0xffff window]
[    6.708030] pci_bus 0000:00: root bus resource [mem 0x000a0000-0x000bffff window]
[    6.718191] pci_bus 0000:00: root bus resource [mem 0x40000000-0xfdffffff window]
[    6.734262] pci_bus 0000:00: root bus resource [bus 00-ff]
[    6.764400] pci 0000:00:01.1: legacy IDE quirk: reg 0x10: [io  0x01f0-0x01f7]
[    6.824630] pci 0000:00:01.1: legacy IDE quirk: reg 0x14: [io  0x03f6]
[    6.846684] pci 0000:00:01.1: legacy IDE quirk: reg 0x18: [io  0x0170-0x0177]
[    6.855903] pci 0000:00:01.1: legacy IDE quirk: reg 0x1c: [io  0x0376]
[    6.935176] pci 0000:00:07.0: quirk: [io  0x4000-0x403f] claimed by PIIX4 ACPI
[    6.989834] pci 0000:00:07.0: quirk: [io  0x4100-0x410f] claimed by PIIX4 SMB
[    7.016142] ACPI: PCI Interrupt Link [LNKA] (IRQs 5 9 10 *11)
[    7.023179] ACPI: PCI Interrupt Link [LNKB] (IRQs 5 9 *10 11)
[    7.034876] ACPI: PCI Interrupt Link [LNKC] (IRQs 5 *9 10 11)
[    7.062982] ACPI: PCI Interrupt Link [LNKD] (IRQs 5 9 10 *11)
[    7.086271] ACPI: Enabled 2 GPEs in block 00 to 07
[    7.093653] vgaarb: setting as boot device: PCI:0000:00:02.0
[    7.096535] vgaarb: device added: PCI:0000:00:02.0,decodes=io+mem,owns=io+mem,locks=none
[    7.117368] vgaarb: loaded
[    7.133059] vgaarb: bridge control possible 0000:00:02.0
[    7.146852] SCSI subsystem initialized
[    7.157414] ACPI: bus type USB registered
[    7.191501] usbcore: registered new interface driver usbfs
[    7.229305] usbcore: registered new interface driver hub
[    7.233451] usbcore: registered new device driver usb
[    7.255001] PCI: Using ACPI for IRQ routing
[    7.275494] NetLabel: Initializing
[    7.297590] NetLabel:  domain hash size = 128
[    7.321128] NetLabel:  protocols = UNLABELED CIPSOv4
[    7.344205] NetLabel:  unlabeled traffic allowed by default
[    7.346031] amd_nb: Cannot enumerate AMD northbridges
[    7.356470] clocksource: Switched to clocksource kvm-clock
[    7.380787] AppArmor: AppArmor Filesystem Enabled
[    7.383229] pnp: PnP ACPI init
[    7.38785]np PP PIfod devics
[  7727]locksource: acpi_pm: mask: 0xffffff max_cycles: 0xffffff, max_idle_ns: 20857014 
  8.24] T:Restedrocofail2
[    .76793] TCP established hashtae trs:192 (order: 4, 65536 bytes)
[    8.976462]TCbi hah blenris:19(oer5,1307bys)
[   .620] TCP: Hash tables configured (established 8192 bin 81)  9.79] P shable etrs: 12orr:, 38bys)
[ 102283] UDPLi hh bl entrie: 12orr:2,63 bes
   11.334643] NET: Registered protocol family 1
[  13614 p 00::00: Limiting direct PCI/PCI transfers
[   11.718613] pci 0000:00:01.0: Activating ISA DMAhang workarounds
[ 117149 Uacnginras.
[   14.135164] Freeing initrd memory: 10792K
[   14.145933] RAPL PMU detected, API unit is 2^-32 Joules, 4 fixed counters 10737418240 ms ovfl timer
[   14.150316] hw unit of domain pp0-core 2^-0 Joules
[   14.162703] hw unit of domain package 2^-0 Joules
[   14.168943] hw unit of domain dram 2^-0 Joules
[   14.182097] hw unit of domain pp1-gpu 2^-0 Joules
[   14.233053] platform rtc_cmos: registered platform RTC device (no PNP device found)
[   14.371199] Scanning for low memory corruption every 60 seconds
[   14.409910] audit: initializing netlink subsys (disabled)
[   14.4591633 audit: type=2000 audit(1518278677.740:1): initialized
[   14.574192] Initialise system trusted keyring
[   14.605124] HugeTLB registered 2 MB page size, pre-allocated 0 pages
[   14.623511] zbud: loaded
[   14.636796] VFS: Disk quotas dquot_6.6.0
[   14.687977] VFS: Dquot-cache hash table entries: 512 (order 0, 4096 bytes)
[   14.801358] squashfs: version 4.0 (2009/01/31) Phillip Lougher
[   14.911611] fuse init (API version 7.23)
[   14.949504] Key type big_key registered
[   15.015821] Allocating IMA MOK and blacklist keyrings.
[   15.148418] Key type asymmetric registered
[   15.222248] Asymmetric key parser 'x509' registered
[   15.280614] tsc: Refined TSC clocksource calibration: 2700.210 MHz
[   15.289619] Block layer SCSI generic (bsg) driver version 0.4 loaded (major 249)
[   15.289658] io scheduler noop registered
[   15.289660] io scheduler deadline registered (default)
[   15.289685] io scheduler cfq registered
[   15.289778] pci_hotplug: PCI Hot Plug PCI Core version: 0.5
[   15.289783] pciehp: PCI Express Hot Plug Controller Driver version: 0.4
[   15.290068] ACPI: AC Adapter [AC] (off-line)
[   15.290114] input: Power Button as /devices/LNXSYSTM:00/LNXPWRBN:00/input/input0
[   15.290116] ACPI: Power Button [PWRF]
[   15.290174] input: Sleep Button as /devices/LNXSYSTM:00/LNXSLPBN:00/input/input1
[   15.290175] ACPI: Sleep Button [SLPF]
[   15.290298] GHES: HEST is not enabled!
[   15.374023] ACPI: Battery Slot [BAT0] (battery present)
[   15.374317] Serial: 8250/16550 driver, 32 ports, IRQ sharing enabled
[   15.588824] 00:02: ttyS0 at I/O 0x3f8 (irq = 4, base_baud = 115200) is a 16550A
[   15.633605] Linux agpgart interface v0.103
[   15.637576] loop: module loaded
[   15.638026] scsi host0: ata_piix
[   15.638075] scsi host1: ata_piix
[   15.638102] ata1: PATA max UDMA/33 cmd 0x1f0 ctl 0x3f6 bmdma 0xd000 irq 14
[   15.638102] ata2: PATA max UDMA/33 cmd 0x170 ctl 0x376 bmdma 0xd008 irq 15
[   15.638163] libphy: Fixed MDIO Bus: probed
[   15.638164] tun: Universal TUN/TAP device driver, 1.6
[   15.638164] tun: (C) 1999-2004 Max Krasnyansky <maxk@qualcomm.com>
[   15.638442] PPP generic driver version 2.4.2
[   15.638489] ehci_hcd: USB 2.0 'Enhanced' Host Controller (EHCI) Driver
[   15.638492] ehci-pci: EHCI PCI platform driver
[   15.638506] ehci-platform: EHCI generic platform driver
[   15.638513] ohci_hcd: USB 1.1 'Open' Host Controller (OHCI) Driver
[   15.638515] ohci-pci: OHCI PCI platform driver
[   15.638521] ohci-platform: OHCI generic platform driver
[   15.638526] uhci_hcd: USB Universal Host Controller Interface driver
[   15.638573] i8042: PNP: PS/2 Controller [PNP0303:PS2K,PNP0f03:PS2M] at 0x60,0x64 irq 1,12
[   15.639010] serio: i8042 KBD port at 0x60,0x64 irq 1
[   15.639013] serio: i8042 AUX port at 0x60,0x64 irq 12
[   15.639097] mousedev: PS/2 mouse device common for all mice
[   15.639325] input: AT Translated Set 2 keyboard as /devices/platform/i8042/serio0/input/input2
[   15.639693] rtc_cmos rtc_cmos: rtc core: registered rtc_cmos as rtc0
[   15.639765] rtc_cmos rtc_cmos: alarms up to one day, 114 bytes nvram
[   15.639773] i2c /dev entries driver
[   15.639843] device-mapper: uevent: version 1.0.3
[   15.639930] device-mapper: ioctl: 4.34.0-ioctl (2015-10-28) initialised: dm-devel@redhat.com
[   15.639951] ledtrig-cpu: registered to indicate activity on CPUs
[   15.640552] NET: Registered protocol family 10
[   15.640677] NET: Registered protocol family 17
[   15.640686] Key type dns_resolver registered
[   15.640828] microcode: CPU0 sig=0x306d4, pf=0x40, revision=0x0
[   15.646895] microcode: CPU1 sig=0x306d4, pf=0x40, revision=0x0
[   15.646933] microcode: Microcode Update Driver: v2.01 <tigran@aivazian.fsnet.co.uk>, Peter Oruba
[   15.647031] registered taskstats version 1
[   15.647043] Loading compiled-in X.509 certificates
[   15.647812] Loaded X.509 cert 'Build time autogenerated kernel key: 4c603087bab8f0a02cb3b4e1fb4c40f507e71ef1'
[   15.647850] zswap: loaded using pool lzo/zbud
[   15.650541] Key type trusted registered
[   15.653458] Key type encrypted registered
[   15.653465] AppArmor: AppArmor sha1 policy hashing enabled
[   15.653468] ima: No TPM chip found, activating TPM-bypass!
[   15.653485] evm: HMAC attrs: 0x1
[   15.653698]   Magic number: 6:934:84
[   15.654730] rtc_cmos rtc_cmos: setting system clock to 2018-02-10 16:04:40 UTC (1518278680)
[   15.654798] BIOS EDD facility v0.16 2004-Jun-25, 0 devices found
[   15.654799] EDD information not available.
[   18.645287] clocksource: tsc: mask: 0xffffffffffffffff max_cycles: 0x26ec04d5411, max_idle_ns: 440795202126 ns
[   18.681875] Freeing unused kernel memory: 1508K
[   19.513708] Write protecting the kernel read-only data: 14336k
[   19.515470] Freeing unused kernel memory: 1728K
[   19.524000] Freeing unused kernel memory: 108K
Loading, please [   19.588640] random: systemd-udevd: uninitialized urandom read (16 bytes read, 7 bits of entropy available)
wait...
starting version 229
[   19.589340] random: udevadm: uninitialized urandom read (16 bytes read, 7 bits of entropy available)
[   19.589365] random: udevadm: uninitialized urandom read (16 bytes read, 7 bits of entropy available)
[   19.599551] random: udevadm: uninitialized urandom read (16 bytes read, 7 bits of entropy available)
[   19.599599] random: udevadm: uninitialized urandom read (16 bytes read, 7 bits of entropy available)
[   19.599931] random: udevadm: uninitialized urandom read (16 bytes read, 7 bits of entropy available)
[   19.600024] random: udevadm: uninitialized urandom read (16 bytes read, 7 bits of entropy available)
[   19.600117] random: udevadm: uninitialized urandom read (16 bytes read, 7 bits of entropy available)
[   19.600213] random: udevadm: uninitialized urandom read (16 bytes read, 7 bits of entropy available)
[   19.600311] random: udevadm: uninitialized urandom read (16 bytes read, 7 bits of entropy available)
[   20.149349] e1000: Intel(R) PRO/1000 Network Driver - version 7.3.21-k8-NAPI
[   20.184084] e1000: Copyright (c) 1999-2006 Intel Corporation.
[   20.199271] Fusion MPT base driver 3.04.20
[   20.211033] Copyright (c) 1999-2008 LSI Corporation
[   20.246985] Fusion MPT SPI Host driver 3.04.20
[   20.286368] AVX2 version of gcm_enc/dec engaged.
[   20.297216] AES CTR mode by8 optimization enabled
[   20.436259] input: ImExPS/2 Generic Explorer Mouse as /devices/platform/i8042/serio1/input/input4
[   20.618782] e1000 0000:00:03.0 eth0: (PCI:33MHz:32-bit) 02:69:07:7b:a1:bd
[   20.671596] e1000 0000:00:03.0 eth0: Intel(R) PRO/1000 Network Connection
[   20.681264] e1000 0000:00:03.0 enp0s3: renamed from eth0
[   20.718797] mptbase: ioc0: Initiating bringup
[   20.804900] ioc0: LSI53C1030 A0: Capabilities={Initiator}
[   20.967908] scsi host2: ioc0: LSI53C1030 A0, FwRev=00000000h, Ports=1, MaxQ=256, IRQ=20
[   21.085567] scsi 2:0:0:0: Direct-Access     VBOX     HARDDISK         1.0  PQ: 0 ANSI: 5
[   21.114342] scsi target2:0:0: Beginning Domain Validation
[   21.184747] scsi target2:0:0: Domain Validation skipping write tests
[   21.529075] scsi target2:0:0: Ending Domain Validation
[   21.646779] scsi target2:0:0: asynchronous
[   21.649192] scsi 2:0:1:0: Direct-Access     VBOX     HARDDISK         1.0  PQ: 0 ANSI: 5
[   21.653346] scsi target2:0:1: Beginning Domain Validation
[   21.663186] scsi target2:0:1: Domain Validation skipping write tests
[   21.761167] scsi target2:0:1: Ending Domain Validation
[   21.787171] scsi target2:0:1: asynchronous
[   21.990314] sd 2:0:0:0: [sda] 20971520 512-byte logical blocks: (10.7 GB/10.0 GiB)
[   21.997149] sd 2:0:0:0: Attached scsi generic sg0 type 0
[   22.073291] sd 2:0:1:0: Attached scsi generic sg1 type 0
[   22.137472] sd 2:0:1:0: [sdb] 20480 512-byte logical blocks: (10.5 MB/10.0 MiB)
[   22.137615] sd 2:0:0:0: [sda] Write Protect is off
[   22.137711] sd 2:0:0:0: [sda] Incomplete mode parameter data
[   22.137712] sd 2:0:0:0: [sda] Assuming drive cache: write through
[   22.278699]  sda: sda1
[   22.280001] sd 2:0:0:0: [sda] Attached SCSI disk
[   22.322995] sd 2:0:1:0: [sdb] Write Protect is off
[   22.341141] sd 2:0:1:0: [sdb] Incomplete mode parameter data
[   22.345809] sd 2:0:1:0: [sdb] Assuming drive cache: write through
[   22.376348] sd 2:0:1:0: [sdb] Attached SCSI disk
[   23.185744] floppy0: no floppy controllers found
Begin: Loading e[   25.000278] md: linear personality registered for level -1
ssential drivers[   25.040212] md: multipath personality registered for level -4
 ... [   25.116475] md: raid0 personality registered for level 0
[   25.176908] md: raid1 personality registered for level 1
[   25.312989] raid6: sse2x1   gen()  8158 MB/s
[   25.424991] raid6: sse2x1   xor()  6993 MB/s
[   25.537059] raid6: sse2x2   gen() 11325 MB/s
[   25.628979] raid6: sse2x2   xor()  5980 MB/s
[   25.745041] raid6: sse2x4   gen() 12838 MB/s
[   25.860514] raid6: sse2x4   xor()  7193 MB/s
[   25.976521] raid6: avx2x1   gen() 14311 MB/s
[   26.104612] raid6: avx2x2   gen() 19777 MB/s
[   26.204730] raid6: avx2x4   gen() 23889 MB/s
[   26.258969] raid6: using algorithm avx2x4 gen() 23889 MB/s
[   26.313400] raid6: using avx2x2 recovery algorithm
[   26.370639] xor: automatically using best checksumming function:
[   26.496493]    avx       : 19946.000 MB/sec
[   26.543291] async_tx: api initialized (async)
[   26.617467] md: raid6 personality registered for level 6
[   26.633692] md: raid5 personality registered for level 5
[   26.726104] md: raid4 personality registered for level 4
[   26.781765] md: raid10 personality registered for level 10
done.
Begin: Running /scripts/init-premount ...[   26.868955] Btrfs loaded
 done.
Begin: Mounting root file system ... Begin: Running /scr[   26.987071] EXT4-fs (sda1): mounted filesystem with ordered data mode. Opts: (null)
ipts/local-top ... done.
Begin: Running /scripts/local-premount ... Scanning for Btrfs filesystems
done.
Warning: fsck not present, so skipping root file system
done.
Begin: Running /scripts/local-bottom ... done.
Begin: Running /scripts/init-bottom ... done.
[   27.181765] systemd[1]: systemd 229 running in system mode. (+PAM +AUDIT +SELINUX +IMA +APPARMOR +SMACK +SYSVINIT +UTMP +LIBCRYPTSETUP +GCRYPT +GNUTLS +ACL +XZ -LZ4 +SECCOMP +BLKID +ELFUTILS +KMOD -IDN)
[   27.313969] systemd[1]: Detected virtualization oracle.
[   27.340924] systemd[1]: Detected architecture x86-64.

Welcome to [1mUbuntu 16.04.3 LTS[0m!

[   27.377825] systemd[1]: Set hostname to <ubuntu>.
[   27.429559] systemd[1]: Initializing machine ID from random generator.
[   27.482593] systemd[1]: Installed transient /etc/machine-id file.
[   27.749058] random: nonblocking pool is initialized
[   27.813490] systemd[1]: Listening on /dev/initctl Compatibility Named Pipe.
[[0;32m  OK  [0m] Listening on /dev/initctl Commatibility Named Pipe.
[   27.864911] systemd[1]: Listening on Device-mapper event daemon FIFOs.
[[0;32m  OK  [0m] Listening on Device-mapper event daemon FIFOs.
[   27.925443] systemd[1]: Reached target User and Group Name Lookups.
[[0;32m  OK  [0m] Reached target User and Group Name Lookups.
[   27.944441] systemd[1]: Started Forward Password Requests to Wall Directory Watch.
[[0;32m  OK  [0m] Started Forward Password Requests to Wall Directory Watch.
[   28.005592] systemd[1]: Started Trigger resolvconf update for networkd DNS.
[[0;32m  OK  [0m] Started Trigger resolvconf update for networkd DNS.
[   28.027623] systemd[1]: Reached target Swap.
[[0;32m  OK  [0m] Reached target Swap.
[   28.066871] systemd[1]: Reached target Encrypted Volumes.
[[0;32m  OK  [0m] Reached target Encrypted Volumes.
[   28.111857] systemd[1]: Listening on Journal Socket (/dev/log).
[[0;32m  OK  [0m] Listening on Journal Socket (/dev/log).
[   28.192969] systemd[1]: Listening on Journal Socket.
[[0;32m  OK  [0m] Listening on Journal Socket.
[   28.271555] systemd[1]: Listening on Syslog Socket.
[[0;32m  OK  [0m] Listening on Syslog Socket.
[   28.348510] systemd[1]: Set up automount Arbitrary Executable File Formats File System Automount Point.
[[0;32m  OK  [0m] Set up automount Arbitrary Executab...ats File System Automount Point.
[   28.445493] systemd[1]: Listening on LVM2 poll daemon socket.
[[0;32m  OK  [0m] Listening on LVM2 poll daemon socket.
[   28.490177] systemd[1]: Created slice System Slice.
[[0;32m  OK  [0m] Created slice System Slice.
[   28.529354] systemd[1]: Starting Remount Root and Kernel File Systems...
[   28.534905] EXT4-fs (sda1): re-mounted. Opts: (null)
         Starting Remount Root and Kernel File Systems...
[   28.617853] systemd[1]: Created slice system-serial\x2dgetty.slice.
[[0;32m  OK  [0m] Created slice system-serial\x2dgetty.slice.
[   28.641995] systemd[1]: Starting Create list of required static device nodes for the current kernel...
         Starting Create list of required st... nodes for the current kernel...
[   28.681993] systemd[1]: Mounting POSIX Message Queue File System...
         Mounting POSIX Message Queue File System...
[   28.741231] systemd[1]: Mounting Debug File System...
         Mounting Debug File System...
[   28.785183] systemd[1]: Mounting Huge Pages File System...
         Mounting Huge Pages File System...
[   28.892970] systemd[1]: Starting Set console keymap...
         Starting Set console keymap...
[   29.002421] systemd[1]: Starting Load Kernel Modules...
         [   29.011077] Loading iSCSI transport class v2.0-870.
Starting Load Ke[   29.039700] iscsi: registered transport (tcp)
rnel Modules...
[   29.084843] systemd[1]: Starting Nameserver information manager...
         Starting Nameser[   29.140310] iscsi: registered transport (iser)
ver information manager...
[   29.171414] systemd[1]: Created slice User and Session Slice.
[[0;32m  OK  [0m] Created slice User and Session Slice.
[   29.253860] systemd[1]: Reached target Slices.
[[0;32m  OK  [0m] Reached target Slices.
[   29.309078] systemd[1]: Listening on Journal Audit Socket.
[[0;32m  OK  [0m] Listening on Journal Audit Socket.
[   29.412990] systemd[1]: Starting Journal Service...
         Starting Journal Service...
[   29.460808] systemd[1]: Listening on LVM2 metadata daemon socket.
[[0;32m  OK  [0m] Listening on LVM2 metadata daemon socket.
[   29.505588] systemd[1]: Listening on udev Control Socket.
[[0;32m  OK  [0m] Listening on udev Control Socket.
[   29.556781] systemd[1]: Starting Uncomplicated firewall...
         Starting Uncomplicated firewall...
[   29.621084] systemd[1]: Starting Monitoring of LVM2 mirrors, snapshots etc. using dmeventd or progress polling...
         Starting Monitoring of LVM2 mirrors... dmeventd or progress polling...
[   29.665647] systemd[1]: Listening on udev Kernel Socket.
[[0;32m  OK  [0m] Listening on udev Kernel Socket.
[   29.726478] systemd[1]: Mounted Debug File System.
[[0;32m  OK  [0m] Mounted Debug File System.
[   29.789119] systemd[1]: Mounted Huge Pages File System.
[[0;32m  OK  [0m] Mounted Huge Pages File System.
[   29.865089] systemd[1]: Mounted POSIX Message Queue File System.
[[0;32m  OK  [0m] Mounted POSIX Message Queue File System.
[   29.913258] systemd[1]: Started Journal Service.
[[0;32m  OK  [0m] Started Journal Service.
[[0;32m  OK  [0m] Started Remount Root and Kernel File Systems.
[[0;32m  OK  [0m] Started Create list of required sta...ce nodes for the current kernel.
[[0;32m  OK  [0m] Started Set console keymap.
[[0;32m  OK  [0m] Started Load Kernel Modules.
[[0;32m  OK  [0m] Started Uncomplicated firewall.
[[0;32m  OK  [0m] Started Nameserver information manager.
[[0;32m  OK  [0m] Started LVM2 metadata daemon.
         Mounting FUSE Control File System...
         Starting Apply Kernel Variables...
         Starting Create Static Device Nodes in /dev...
         Starting udev Coldplug all Devices...
         Starting Load/Save Random Seed...
         Starting Initial cloud-init job (pre-networking)...
         Starting Flush Journal to Persistent Storage...
[[0;32m  OK  [0m] Mounted FUSE Control File System.
[[0;32m  OK  [0m] Started Monitoring of LVM2 mirrors,...ng dmeventd or progress polling.
[[0;32m  OK  [0m] Started Apply Kernel Variables.
[[0;32m  OK  [0m] Started Create Static Device Nodes in /dev.
[[0;32m  OK  [0m] Started Load/Save Random Seed.
[[0;32m  OK  [0m] Started udev Coldplug all Devices.
[[0;32m  OK  [0m] Started Flush Journal to Persistent Storage.
         Starting udev Kernel Device Manager...
[[0;32m  OK  [0m] Started udev Kernel Device Manager.
[[0;32m  OK  [0m] Reached target Local File Systems (Pre).
[[0;32m  OK  [0m] Reached target Local File Systems.
         Starting Tell Plymouth To Write Out Runtime Data...
         Starting Create Volatile Files and Directories...
         Starting LSB: AppArmor initialization...
         Starting Commit a transient machine-id on disk...
         Starting Set console font and keymap...
[[0;32m  OK  [0m] Started Dispatch Password Requests to Console Directory Watch.
[[0;32m  OK  [0m] Started Tell Plymouth To Write Out Runtime Data.
[[0;32m  OK  [0m] Started Create Volatile Files and Directories.
[[0;32m  OK  [0m] Started Commit a transient machine-id on disk.
[[0;32m  OK  [0m] Found device /dev/ttyS0.
         Starting Update UTMP about System Boot/Shutdown...
[[0;32m  OK  [0m] Reached target System Time Synchronized.
[[0;32m  OK  [0m] Started Update UTMP about System Boot/Shutdown.
[[0;32m  OK  [0m] Listening on Load/Save RF Kill Switch Status /dev/rfkill Watch.
[   25.354373] cloud-init[455]: Cloud-init v. 17.1 running 'init-local' at Sat, 10 Feb 2018 16:04:56 +0000. Up 24.76 seconds.
[[0;32m  OK  [0m] Started LSB: AppArmor initialization.
[[0;32m  OK  [0m] Started Initial cloud-init job (pre-networking).
[[0;32m  OK  [0m] Reached target Network (Pre).
         Starting Raise network interfaces...
[[0;32m  OK  [0m] Started Set console font and keymap.
[[0;32m  OK  [0m] Created slice system-getty.slice.
[[0;32m  OK  [0m] Started Raise network interfaces.
[[0;32m  OK  [0m] Reached target Network.
         Starting Initial cloud-init job (metadata service crawler)...
[   28.971330] cloud-init[936]: Cloud-init v. 17.1 running 'init' at Sat, 10 Feb 2018 16:04:59 +0000. Up 28.18 seconds.
[   29.036704] cloud-init[936]: ci-info: +++++++++++++++++++++++++++++++++++++Net device info+++++++++++++++++++++++++++++++++++++
[   29.047541] cloud-init[936]: ci-info: +--------+------+---------------------------+---------------+-------+-------------------+
[   29.066167] cloud-init[936]: ci-info: | Device |  Up  |          Address          |      Mask     | Scope |     Hw-Address    |
[   29.112827] cloud-init[936]: ci-info: +--------+------+---------------------------+---------------+-------+-------------------+
[   29.113037] cloud-init[936]: ci-info: | enp0s3 | True |         10.0.2.15         | 255.255.255.0 |   .   | 02:69:07:7b:a1:bd |
[[0;32m  OK  [0m] Started Initial cloud-init job (metadata service crawler).
[   29.113252] cloud-init[936]: ci-info: | enp0s3 | True | fe80::69:7ff:fe7b:a1bd/64 |       .       |  link | 02:69:07:7b:a1:bd |
[   29.297535] cloud-init[936]: ci-info: |   lo   | True |         127.0.0.1         |   255.0.0.0   |   .   |         .         |
[[0;32m  OK  [0m[   29.298067] ] cloud-initReached target System Initialization.[936]: 
ci-info: |   lo   | True |          ::1/128          |       .       |  host |         .         |
[   29.397581] cloud-init[936]: ci-info: +--------+------+---------------------------+---------------+-------+-------------------+
[   29.398119] cloud-init[936]: ci-info: +++++++++++++++++++++++++++Route IPv4 info++++++++++++++++++++++++++++
[   29.398513] cloud-init[936]: ci-info: +-------+-------------+----------+---------------+-----------+-------+
[   29.398860] cloud-init[936]: ci-info: | Route | Destination | Gateway  |    Genmask    | Interface | Flags |
[   29.399209] cloud-init[936]: ci-info: +-------+-------------+----------+---------------+-----------+-------+
[   29.399566] cloud-initt936]: ci-info: |   0   |   0.0.0.0   | 10.0.2.2 |    0.0.0.0    |   enp0s3  |   UG  |
[   29.399911] cloud-init[936]: ci-info: |   1   |   10.0.2.0  | 0.0.0.0  | 255.255.255.0 |   enp0s3  |   U   |
[   29.400586] cloud-init[936]: ci-info: +-------+-------------+----------+---------------+-----------+-------+
[   29.400814] cloud-init[936]: Generating public/private rsa key pair.
[   29.400997] cloud-init[936]: Your identification has been saved in /etc/ssh/ssh_host_rsa_key.
[   29.401200] cloud-init[936]: Your public key has been saved in /etc/ssh/ssh_host_rsa_key.pub.
[   29.401407] cloud-init[936]: The key fingerprint is:
[   29.401616] cloud-init[936]: SHA256:cJQXV4XLhwrTb46Zc/3q72U7cQ/CHmAkox4w1IZ/WdI root@ubuntu-xenial
[   29.401821] cloud-init[936]: The key's randomart image is:
[   29.402027] cloud-init[936]: +---[RSA 2048]----+
[   29.402231] cloud-init[936]: |   ..o  .o.....o.|
[   29.402437] cloud-init[936]: |    + o.= E.  .  |
[   29.402638] cloud-init[936]: |     =...O . . o |
[   29.402848] cloud-init[936]: |      +oo = . + .|
[   29.403050] cloud-init[936]: |     . oS. = o . |
[   29.403253] cloud-init[936]: |      .     = +..|
[   29.403459] cloud-init[936]: |           . O o*|
[   29.403668] cloud-init[936]: |            * oo=|
[   29.403870] cloud-init[936]: |             +o=*|
[   29.406237] cloud-init[936]: +----[SHA256]-----+
         Starting LXD - unix socket.
[   29.406547] cloud-init[936]: Generating public/private dsa key pair.
[   29.976622] cloud-init[936]: Your identification has been saved in /etc/ssh/ssh_host_dsa_key.
[   29.976932] cloud-init[936]: Your public key has been saved in /etc/ssh/ssh_host_dsa_key.pub.
[[0;32m  OK  [0m] Started ACPI Events Check.
[   29.977110] cloud-init[936]: The key fingerprint is:
[   30.149785] cloud-init[936]: SHA256:AzkZ1+mzRRWuWo4NyUGHjqfu9OV4ktAc2RS9sWzQAkU root@ubuntu-xenial
[[0;32m  OK  [0m] Reached target Paths.
[   30.150053]          cloud-initStarting Socket activation for snappy daemon.[936]: 
The key's randomart image is:
[   30.381046] cloud-init[936]: +---[DSA 1024]----+
[   30.381359] cloud-init[936]: |      . ..o*E=o. |
[[0;32m  OK  [0m] Listening on D-Bus System Message Bus Socket.
[[   30.381576] cloud-init[936]: |       = .+.=.+  |
[   30.489451] cloud-init[936]: |      =  +.= +.+ |
[0;32m  OK  [0m] Listening on UUID daemon activation socket.
[[   30.489573] cloud-init[936]: |       o..Boo.=  |
[   30.621149] cloud-init[936]: |        S=+=o.   |
[0;32m  OK  [0m] Listening on ACPID Listen Socket.
[[   30.621231] cloud-init[936]: |        o.+B     |
[   30.789685] cloud-init[936]: |       ...o.+    |
[0;32m  OK  [0m] Started Daily Cleanup of Temporary Directories.
[   30.789765] cloud-init[936]: |       ...o+.    |
[   30.916746] cloud-init[936]: |       .. oo.    |
[   30.917436] cloud-init[936]: +----[SHA256]-----+
[[0;32m  OK  [0m] Started Timer to automatically refresh installed snaps.
[   30.917715] cloud-init[936]: Generating public/private ecdsa key pair.
[   31.005499] cloud-init[936]: Your identification has been saved in /etc/ssh/ssh_host_ecdsa_key.
[[0;32m  OK  [0m] Reached target Cloud-config availability.
[   31.005626] cloud-init[936]: Your public key has been saved in /etc/ssh/ssh_host_ecdsa_key.pub.
[   31.129029] cloud-init[936]: The key fingerprint is:
[[0;32m  OK  [0m] Reached target Network is Online.
[   31.129222] cloud-init[936]: SHA256:QhjglHD/LKxC20XL7UeavKJm3g/Hzb4LC9RrpltIaNk root@ubuntu-xenial
[   31.305357] cloud-init[936]: The key's randomart image is:
[   31.305921] cloud-init[936]: +---[ECDSA 256]---+
         Starting iSCSI initiator daemon (iscsid)...
[[   31.306201] cloud-init[936]: |..+o.            |
[   31.453179] cloud-init[936]: | +.. o           |
[0;32m  OK  [0m] Started Daily apt download activities.
[[  31.453305] cloud-init[936]: |  . o..          |
[   31.608573] cloud-init[936]: |   .*++          |
[   31.609027] cloud-init[936]: | . +oE+oS.       |
[[0;32m  OK  [0m] Started Daily apt upgrade and clean activities.
[   31.609172] cloud-init[936]: |. +.+.=.B        |
[   31.693280] cloud-init[936]: |.... + & +       |
[[0;32m  OK  [0m] Reached target Timers.
[[   31.693515] cloud-init[936]: | . o..O *        |
[   31.821764] cloud-init[936]: |  +o.+++ +o      |
[   31.821936] cloud-init[936]: +----[SHA256]-----+
[   31.822143] cloud-init[936]: Generating public/private ed25519 key pair.
[   31.822357] cloud-init[936]: Your identification has been saved in /etc/ssh/ssh_host_ed25519_key.
[   31.822565] cloud-init[936]: Your public key has been saved in /etc/ssh/ssh_host_ed25519_key.pub.
[   31.822773] cloud-init[936]: The key fingerprint is:
[   31.822983] cloud-init[936]: SHA256:zOFMDs9RenAs57EXLJA4FdGG5lZ7m/zSDjIsF6gB2aU root@ubuntu-xenial
[   31.823194] cloud-init[936]: The key's randomart image is:
[   31.823410] cloud-init[936]: +--[ED25519 256]--+
[   31.823614] cloud-init[936]: |       oBOo.     |
[0;32m  OK  [0m] Listening on LXD - unix socket.
[[   31.824028] cloud-init[936]: |     ooo==O o    |
[   32.289904] cloud-init[936]: |    o E+=*.= .   |
[   32.290076] cloud-init[936]: |     . @o=+ o    |
[   32.290283] clood-init[936]: |      ..S .+ o   |
[   32.290493] cloud-init[936]: |       o . .+    |
[   32.290704] cloud-init[936]: |      . . = .o   |
[   32.290915] cloud-init[936]: |         o o..o  |
[   32.291430] cloud-init[936]: |             o.  |
[   32.291559] cloud-init[936]: +----[SHA256]-----+
[0;32m  OK  [0m] Listening on Socket activation for snappy daemon.
[[0;32m  OK  [0m] Reached target Sockets.
[[0;32m  OK  [0m] Reached target Basic System.
[[0;32m  OK  [0m] Started Deferred execution scheduler.
         Starting LXD - container startup/shutdown...
         Starting Accounts Service...
         Starting LSB: Record successful boot for GRUB...
         Starting System Logging Service...
         Starting Login Service...
         Starting Apply the settings specified in cloud-config...
[[0;32m  OK  [0m] Started FUSE filesystem for LXC.
         Starting Snappy daemon...
[[0;32m  OK  [0m] Started ACPI event daemon.
[[0;32m  OK  [0m] Started Regular background program processing daemon.
         Starting /etc/rc.local Compatibility...
[[0;32m  OK  [0m] Started Unattended Upgrades Shutdown.
         Starting Pollinate to seed the pseudo random number generator...
[[0;32m  OK  [0m] Started D-Bus System Message Bus.
         Starting LSB: MD monitoring daemon...
[[0;32m  OK  [0m] Started System Logging Service.
[[0;32m  OK  [0m] Started Snappy daemon.
[[0;32m  OK  [0m] Started iSCSI initiator daemon (iscsid).
[[0;32m  OK  [0m] Started LXD - container startup/shutdown.
[[0;32m  OK  [0m] Started /etc/rc.local Compatibility.
[[0;32m  OK  [0m] Started LSB: Record successful boot for GRUB.
[[0;32m  OK  [0m] Started Login Service.
[[0;32m  OK  [0m] Started LSB: MD monitoring daemon.
         Starting Authenticate and Authorize Users to Run Privileged Tasks...
         Starting Login to default iSCSI targets...
[[0;32m  OK  [0m] Started Pollinate to seed the pseudo random number generator.
[[0;32m  OK  [0m] Started Authenticate and Authorize Users to Run Privileged Tasks.
[[0;32m  OK  [0m] Started Accounts Service.
[   33.633080] cloud-init[1060]: Generating locales (this might take a while)...
         Starting OpenBSD Secure Shell server...
[[0;32m  OK  [0m] Started OpenBSD Secure Shell server.
[[0;32m  OK  [0m] Started Login to default iSCSI targets.
[[0;32m  OK  [0m] Reached target Remote File Systems (Pre).
[[0;32m  OK  [0m] Reached target Remote File Systems.
         Starting LSB: daemon to balance interrupts for SMP systems...
         Starting Permit User Sessions...
         Starting LSB: automatic crash report generation...
         Starting LSB: VirtualBox Linux Additions...
         Starting LSB: Set the CPU Frequency Scaling governor to "ondemand"...
[[0;32m  OK  [0m] Started Permit User Sessions.
         Starting Terminate Plymouth Boot Screen...
         Starting Hold until boot process finishes up...
[[0;32m  OK  [0m] Started LSB: daemon to balance interrupts for SMP systems.
[[0;32m  OK  [0m] Started LSB: automatic crash report generation.
[[0;32m  OK  [0m] Started LSB: VirtualBox Linux Additions.
[[0;32m  OK  [0m] Started LSB: Set the CPU Frequency Scaling governor to "ondemand".
[[0;32m  OK  [0m] Started Terminate Plymouth Boot Screen.
[[0;32m  OK  [0m] Started Hold until boot process finishes up.
[[0;32m  OK  [0m] Started Getty on tty1.
         Starting Set console scheme...
[[0;32m  OK  [0m] Started Serial Getty on ttyS0.
[[0;32m  OK  [0m] Reached target Login Prompts.
[[0;32m  OK  [0m] Reached target Multi-User System.
[[0;32m  OK  [0m] Reached target Graphical Interface.
         Starting Update UTMP about System Runlevel Changes...
[   34.490638] cloud-init[1060]:   en_US.UTF-8... done
[[   34.564991] cloud-init[1060]: Generation complete.
[0;32m  OK  [0m] Started Set console scheme.
[[0;32m  OK  [0m] Started Update UTMP about System Runlevel Changes.
[   34.800061] cloud-init[1060]: Cloud-init v. 17.1 running 'modules:config' at Sat, 10 Feb 2018 16:05:05 +0000. Up 33.47 seconds.
[[0;32m  OK  [0m] Started Apply the settings specified in cloud-config.
         Starting Execute cloud user/final scripts...
ci-info: no authorized ssh keys fingerprints found for user ubuntu.
<14>Feb 10 16:05:06 ec2: 
<14>Feb 10 16:05:06 ec2: #############################################################
<14>Feb 10 16:05:06 ec2: -----BEGIN SSH HOST KEY FINGERPRINTS-----
<14>Feb 10 16:05:06 ec2: 1024 SHA256:AzkZ1+mzRRWuWo4NyUGHjqfu9OV4ktAc2RS9sWzQAkU root@ubuntu-xenial (DSA)
<14>Feb 10 16:05:06 ec2: 256 SHA256:QhjglHD/LKxC20XL7UeavKJm3g/Hzb4LC9RrpltIaNk root@ubuntu-xenial (ECDSA)
<14>Feb 10 16:05:06 ec2: 256 SHA256:zOFMDs9RenAs57EXLJA4FdGG5lZ7m/zSDjIsF6gB2aU root@ubuntu-xenial (ED25519)
<14>Feb 10 16:05:06 ec2: 2048 SHA256:cJQXV4XLhwrTb46Zc/3q72U7cQ/CHmAkox4w1IZ/WdI root@ubuntu-xenial (RSA)
<14>Feb 10 16:05:06 ec2: -----END SSH HOST KEY FINGERPRINTS-----
<14>Feb 10 16:05:06 ec2: #############################################################
-----BEGIN SSH HOST KEY KEYS-----
ecdsa-sha2-nistp256 AAAAE2VjZHNhLXNoYTItbmlzdHAyNTYAAAAIbmlzdHAyNTYAAABBBKIPiVGqwnX+BNxRD1b1CsaTDltTxtpL5/kHHiDH7+Bbt7q97u91gyHVPR+3bkCqQAUW2WzNJYJnlOer6UI2bZ0= root@ubuntu-xenial
ssh-ed25519 AAAAC3NzaC1lZDI1NTE5AAAAILN49mLw7LHkZc05HDvQfo6Tl4BWwNH77vqtMTeegjxt root@ubuntu-xenial
ssh-rsa AAAAB3NzaC1yc2EAAAADAQABAAABAQDmDL6WzfdSBtSHtYD9rTNF3xVAiTmKvxKNZBC+yhXnYzipV7Ixb61HC6zjRoXCz6bQ/vXWpO84802TxPNh3uS0Kinq6SbGq3TNY0w+8ruPD/FAy5qzzykzO2Q6qrpRI+yvsHYkIOgrdish8Vr6PzkGxJUvkzJDPqC7/ZkcnTet5FLcLSacs9Z4OiQNQAxYqz8tmdlXMRvQzSJaUU6a0iyJbCjbFY4ZOWsqmvYh+XJKQC9PbTSHxziG00tuvFHhYKEzJpWFlGtWvk3/e5vv339JO8qtyWS0jn+IdHV19BK3CeJQ0Fb3YZRWLqw0mLXGxQK6tExGp3QZ1wkGVoXeuWZf root@ubuntu-xenial
-----END SSH HOST KEY KEYS-----
[[0;32m  OK  [0m] Created slice User Slice of vagrant.
[   36.323072] cloud-init[1289]: Cloud-init v. 17.1 running 'modules:final' at Sat, 10 Feb 2018 16:05:06 +0000. Up 35.11 seconds.
[   36.416722] cloud-init[1289]: ci-info: no authorized ssh keys fingerprints found for user ubuntu.
[   36.476602] cloud-init[1289]: Cloud-init v. 17.1 finished at Sat, 10 Feb 2018 16:05:07 +0000. Datasource DataSourceNoCloud [seed=/dev/sdb][dsmode=net].  Up 36.31 seconds
         Starting User Manager for UID 1000...
[[0;32m  OK  [0m] Started User Manager for UID 1000.
[[0;32m  OK  [0m] Started Execute cloud user/final scripts.
[[0;32m  OK  [0m] Started Session 1 of user vagrant.
[[0;32m  OK  [0m] Reached target Cloud-init target.

Ubuntu 16.04.3 LTS ubuntu-xenial ttyS0

ubuntu-xenial login: 